// Jest Snapshot v1, https://goo.gl/fbAQLP

exports[`simple website content 1`] = `
Object {
  "docs": Array [
    Object {
      "collapsed": true,
      "items": Array [
        Object {
          "collapsed": true,
          "items": Array [
            Object {
              "href": "/docs/foo/bar",
              "label": "Bar",
              "type": "link",
            },
            Object {
              "href": "/docs/foo/bazSlug.html",
              "label": "baz",
              "type": "link",
            },
          ],
          "label": "foo",
          "type": "category",
        },
        Object {
          "href": "https://github.com",
          "label": "Github",
          "type": "link",
        },
        Object {
          "href": "/docs/",
          "label": "Hello, World !",
          "type": "link",
        },
      ],
      "label": "Test",
      "type": "category",
    },
    Object {
      "collapsed": true,
      "items": Array [
        Object {
          "href": "/docs/",
          "label": "Hello, World !",
          "type": "link",
        },
      ],
      "label": "Guides",
      "type": "category",
    },
  ],
}
`;

exports[`simple website content 2`] = `
Object {
  "pluginName": Object {
    "pluginId": Object {
      "latestVersionName": null,
      "path": "/docs",
      "versions": Array [
        Object {
          "docs": Array [
            Object {
              "id": "foo/bar",
              "path": "/docs/foo/bar",
            },
            Object {
              "id": "foo/baz",
              "path": "/docs/foo/bazSlug.html",
            },
            Object {
              "id": "hello",
              "path": "/docs/",
            },
            Object {
              "id": "ipsum",
              "path": "/docs/ipsum",
            },
            Object {
              "id": "lorem",
              "path": "/docs/lorem",
            },
            Object {
              "id": "rootAbsoluteSlug",
              "path": "/docs/rootAbsoluteSlug",
            },
            Object {
              "id": "rootRelativeSlug",
              "path": "/docs/rootRelativeSlug",
            },
            Object {
              "id": "rootResolvedSlug",
              "path": "/docs/hey/rootResolvedSlug",
            },
            Object {
              "id": "rootTryToEscapeSlug",
              "path": "/docs/rootTryToEscapeSlug",
            },
            Object {
              "id": "slugs/absoluteSlug",
              "path": "/docs/absoluteSlug",
            },
            Object {
              "id": "slugs/relativeSlug",
              "path": "/docs/slugs/relativeSlug",
            },
            Object {
              "id": "slugs/resolvedSlug",
              "path": "/docs/slugs/hey/resolvedSlug",
            },
            Object {
              "id": "slugs/tryToEscapeSlug",
              "path": "/docs/tryToEscapeSlug",
            },
          ],
          "mainDocId": "hello",
          "name": null,
          "path": "/docs",
        },
      ],
    },
  },
}
`;

exports[`simple website content: data 1`] = `
Object {
  "docs-route-ff2.json": "{
  \\"docsSidebars\\": {
    \\"docs\\": [
      {
        \\"collapsed\\": true,
        \\"type\\": \\"category\\",
        \\"label\\": \\"Test\\",
        \\"items\\": [
          {
            \\"collapsed\\": true,
            \\"type\\": \\"category\\",
            \\"label\\": \\"foo\\",
            \\"items\\": [
              {
                \\"type\\": \\"link\\",
                \\"label\\": \\"Bar\\",
                \\"href\\": \\"/docs/foo/bar\\"
              },
              {
                \\"type\\": \\"link\\",
                \\"label\\": \\"baz\\",
                \\"href\\": \\"/docs/foo/bazSlug.html\\"
              }
            ]
          },
          {
            \\"type\\": \\"link\\",
            \\"label\\": \\"Github\\",
            \\"href\\": \\"https://github.com\\"
          },
          {
            \\"type\\": \\"link\\",
            \\"label\\": \\"Hello, World !\\",
            \\"href\\": \\"/docs/\\"
          }
        ]
      },
      {
        \\"collapsed\\": true,
        \\"type\\": \\"category\\",
        \\"label\\": \\"Guides\\",
        \\"items\\": [
          {
            \\"type\\": \\"link\\",
            \\"label\\": \\"Hello, World !\\",
            \\"href\\": \\"/docs/\\"
          }
        ]
      }
    ]
  },
  \\"permalinkToSidebar\\": {
    \\"/docs/\\": \\"docs\\",
    \\"/docs/foo/bar\\": \\"docs\\",
    \\"/docs/foo/bazSlug.html\\": \\"docs\\"
  },
  \\"version\\": null
}",
  "site-docs-foo-bar-md-8c2.json": "{
  \\"unversionedId\\": \\"foo/bar\\",
  \\"id\\": \\"foo/bar\\",
  \\"isDocsHomePage\\": false,
  \\"title\\": \\"Bar\\",
  \\"description\\": \\"This is custom description\\",
  \\"source\\": \\"@site/docs/foo/bar.md\\",
  \\"slug\\": \\"/foo/bar\\",
  \\"permalink\\": \\"/docs/foo/bar\\",
  \\"sidebar\\": \\"docs\\",
  \\"next\\": {
    \\"title\\": \\"baz\\",
    \\"permalink\\": \\"/docs/foo/bazSlug.html\\"
  }
}",
  "site-docs-foo-baz-md-a69.json": "{
  \\"unversionedId\\": \\"foo/baz\\",
  \\"id\\": \\"foo/baz\\",
  \\"isDocsHomePage\\": false,
  \\"title\\": \\"baz\\",
  \\"description\\": \\"Images\\",
  \\"source\\": \\"@site/docs/foo/baz.md\\",
  \\"slug\\": \\"/foo/bazSlug.html\\",
  \\"permalink\\": \\"/docs/foo/bazSlug.html\\",
  \\"sidebar\\": \\"docs\\",
  \\"previous\\": {
    \\"title\\": \\"Bar\\",
    \\"permalink\\": \\"/docs/foo/bar\\"
  },
  \\"next\\": {
    \\"title\\": \\"Hello, World !\\",
    \\"permalink\\": \\"/docs/\\"
  }
}",
  "site-docs-hello-md-9df.json": "{
  \\"unversionedId\\": \\"hello\\",
  \\"id\\": \\"hello\\",
  \\"isDocsHomePage\\": true,
  \\"title\\": \\"Hello, World !\\",
  \\"description\\": \\"Hi, Endilie here :)\\",
  \\"source\\": \\"@site/docs/hello.md\\",
  \\"slug\\": \\"/\\",
  \\"permalink\\": \\"/docs/\\",
  \\"sidebar\\": \\"docs\\",
  \\"previous\\": {
    \\"title\\": \\"baz\\",
    \\"permalink\\": \\"/docs/foo/bazSlug.html\\"
  }
}",
  "site-docs-ipsum-md-c61.json": "{
  \\"unversionedId\\": \\"ipsum\\",
  \\"id\\": \\"ipsum\\",
  \\"isDocsHomePage\\": false,
  \\"title\\": \\"ipsum\\",
  \\"description\\": \\"Lorem ipsum.\\",
  \\"source\\": \\"@site/docs/ipsum.md\\",
  \\"slug\\": \\"/ipsum\\",
  \\"permalink\\": \\"/docs/ipsum\\",
  \\"editUrl\\": null
}",
  "site-docs-lorem-md-b27.json": "{
  \\"unversionedId\\": \\"lorem\\",
  \\"id\\": \\"lorem\\",
  \\"isDocsHomePage\\": false,
  \\"title\\": \\"lorem\\",
  \\"description\\": \\"Lorem ipsum.\\",
  \\"source\\": \\"@site/docs/lorem.md\\",
  \\"slug\\": \\"/lorem\\",
  \\"permalink\\": \\"/docs/lorem\\",
  \\"editUrl\\": \\"https://github.com/customUrl/docs/lorem.md\\"
}",
  "site-docs-root-absolute-slug-md-db5.json": "{
  \\"unversionedId\\": \\"rootAbsoluteSlug\\",
  \\"id\\": \\"rootAbsoluteSlug\\",
  \\"isDocsHomePage\\": false,
  \\"title\\": \\"rootAbsoluteSlug\\",
  \\"description\\": \\"Lorem\\",
  \\"source\\": \\"@site/docs/rootAbsoluteSlug.md\\",
  \\"slug\\": \\"/rootAbsoluteSlug\\",
  \\"permalink\\": \\"/docs/rootAbsoluteSlug\\"
}",
  "site-docs-root-relative-slug-md-3dd.json": "{
  \\"unversionedId\\": \\"rootRelativeSlug\\",
  \\"id\\": \\"rootRelativeSlug\\",
  \\"isDocsHomePage\\": false,
  \\"title\\": \\"rootRelativeSlug\\",
  \\"description\\": \\"Lorem\\",
  \\"source\\": \\"@site/docs/rootRelativeSlug.md\\",
  \\"slug\\": \\"/rootRelativeSlug\\",
  \\"permalink\\": \\"/docs/rootRelativeSlug\\"
}",
  "site-docs-root-resolved-slug-md-4d1.json": "{
  \\"unversionedId\\": \\"rootResolvedSlug\\",
  \\"id\\": \\"rootResolvedSlug\\",
  \\"isDocsHomePage\\": false,
  \\"title\\": \\"rootResolvedSlug\\",
  \\"description\\": \\"Lorem\\",
  \\"source\\": \\"@site/docs/rootResolvedSlug.md\\",
  \\"slug\\": \\"/hey/rootResolvedSlug\\",
  \\"permalink\\": \\"/docs/hey/rootResolvedSlug\\"
}",
  "site-docs-root-try-to-escape-slug-md-9ee.json": "{
  \\"unversionedId\\": \\"rootTryToEscapeSlug\\",
  \\"id\\": \\"rootTryToEscapeSlug\\",
  \\"isDocsHomePage\\": false,
  \\"title\\": \\"rootTryToEscapeSlug\\",
  \\"description\\": \\"Lorem\\",
  \\"source\\": \\"@site/docs/rootTryToEscapeSlug.md\\",
  \\"slug\\": \\"/rootTryToEscapeSlug\\",
  \\"permalink\\": \\"/docs/rootTryToEscapeSlug\\"
}",
  "site-docs-slugs-absolute-slug-md-4e8.json": "{
  \\"unversionedId\\": \\"slugs/absoluteSlug\\",
  \\"id\\": \\"slugs/absoluteSlug\\",
  \\"isDocsHomePage\\": false,
  \\"title\\": \\"absoluteSlug\\",
  \\"description\\": \\"Lorem\\",
  \\"source\\": \\"@site/docs/slugs/absoluteSlug.md\\",
  \\"slug\\": \\"/absoluteSlug\\",
  \\"permalink\\": \\"/docs/absoluteSlug\\"
}",
  "site-docs-slugs-relative-slug-md-d1c.json": "{
  \\"unversionedId\\": \\"slugs/relativeSlug\\",
  \\"id\\": \\"slugs/relativeSlug\\",
  \\"isDocsHomePage\\": false,
  \\"title\\": \\"relativeSlug\\",
  \\"description\\": \\"Lorem\\",
  \\"source\\": \\"@site/docs/slugs/relativeSlug.md\\",
  \\"slug\\": \\"/slugs/relativeSlug\\",
  \\"permalink\\": \\"/docs/slugs/relativeSlug\\"
}",
  "site-docs-slugs-resolved-slug-md-02b.json": "{
  \\"unversionedId\\": \\"slugs/resolvedSlug\\",
  \\"id\\": \\"slugs/resolvedSlug\\",
  \\"isDocsHomePage\\": false,
  \\"title\\": \\"resolvedSlug\\",
  \\"description\\": \\"Lorem\\",
  \\"source\\": \\"@site/docs/slugs/resolvedSlug.md\\",
  \\"slug\\": \\"/slugs/hey/resolvedSlug\\",
  \\"permalink\\": \\"/docs/slugs/hey/resolvedSlug\\"
}",
  "site-docs-slugs-try-to-escape-slug-md-70d.json": "{
  \\"unversionedId\\": \\"slugs/tryToEscapeSlug\\",
  \\"id\\": \\"slugs/tryToEscapeSlug\\",
  \\"isDocsHomePage\\": false,
  \\"title\\": \\"tryToEscapeSlug\\",
  \\"description\\": \\"Lorem\\",
  \\"source\\": \\"@site/docs/slugs/tryToEscapeSlug.md\\",
  \\"slug\\": \\"/tryToEscapeSlug\\",
  \\"permalink\\": \\"/docs/tryToEscapeSlug\\"
}",
}
`;

exports[`simple website content: global data 1`] = `
Object {
  "pluginName": Object {
    "pluginId": Object {
      "latestVersionName": null,
      "path": "/docs",
      "versions": Array [
        Object {
          "docs": Array [
            Object {
              "id": "foo/bar",
              "path": "/docs/foo/bar",
            },
            Object {
              "id": "foo/baz",
              "path": "/docs/foo/bazSlug.html",
            },
            Object {
              "id": "hello",
              "path": "/docs/",
            },
            Object {
              "id": "ipsum",
              "path": "/docs/ipsum",
            },
            Object {
              "id": "lorem",
              "path": "/docs/lorem",
            },
            Object {
              "id": "rootAbsoluteSlug",
              "path": "/docs/rootAbsoluteSlug",
            },
            Object {
              "id": "rootRelativeSlug",
              "path": "/docs/rootRelativeSlug",
            },
            Object {
              "id": "rootResolvedSlug",
              "path": "/docs/hey/rootResolvedSlug",
            },
            Object {
              "id": "rootTryToEscapeSlug",
              "path": "/docs/rootTryToEscapeSlug",
            },
            Object {
              "id": "slugs/absoluteSlug",
              "path": "/docs/absoluteSlug",
            },
            Object {
              "id": "slugs/relativeSlug",
              "path": "/docs/slugs/relativeSlug",
            },
            Object {
              "id": "slugs/resolvedSlug",
              "path": "/docs/slugs/hey/resolvedSlug",
            },
            Object {
              "id": "slugs/tryToEscapeSlug",
              "path": "/docs/tryToEscapeSlug",
            },
          ],
          "mainDocId": "hello",
          "name": null,
          "path": "/docs",
        },
      ],
    },
  },
}
`;

exports[`simple website content: route config 1`] = `
Array [
  Object {
    "component": "@theme/DocPage",
    "exact": false,
    "modules": Object {
      "docsMetadata": "~docs/docs-route-ff2.json",
    },
    "path": "/docs",
    "priority": undefined,
    "routes": Array [
      Object {
        "component": "@theme/DocItem",
        "exact": true,
        "modules": Object {
          "content": "@site/docs/hello.md",
        },
        "path": "/docs/",
      },
      Object {
        "component": "@theme/DocItem",
        "exact": true,
        "modules": Object {
          "content": "@site/docs/slugs/absoluteSlug.md",
        },
        "path": "/docs/absoluteSlug",
      },
      Object {
        "component": "@theme/DocItem",
        "exact": true,
        "modules": Object {
          "content": "@site/docs/foo/bar.md",
        },
        "path": "/docs/foo/bar",
      },
      Object {
        "component": "@theme/DocItem",
        "exact": true,
        "modules": Object {
          "content": "@site/docs/foo/baz.md",
        },
        "path": "/docs/foo/bazSlug.html",
      },
      Object {
        "component": "@theme/DocItem",
        "exact": true,
        "modules": Object {
          "content": "@site/docs/rootResolvedSlug.md",
        },
        "path": "/docs/hey/rootResolvedSlug",
      },
      Object {
        "component": "@theme/DocItem",
        "exact": true,
        "modules": Object {
          "content": "@site/docs/ipsum.md",
        },
        "path": "/docs/ipsum",
      },
      Object {
        "component": "@theme/DocItem",
        "exact": true,
        "modules": Object {
          "content": "@site/docs/lorem.md",
        },
        "path": "/docs/lorem",
      },
      Object {
        "component": "@theme/DocItem",
        "exact": true,
        "modules": Object {
          "content": "@site/docs/rootAbsoluteSlug.md",
        },
        "path": "/docs/rootAbsoluteSlug",
      },
      Object {
        "component": "@theme/DocItem",
        "exact": true,
        "modules": Object {
          "content": "@site/docs/rootRelativeSlug.md",
        },
        "path": "/docs/rootRelativeSlug",
      },
      Object {
        "component": "@theme/DocItem",
        "exact": true,
        "modules": Object {
          "content": "@site/docs/rootTryToEscapeSlug.md",
        },
        "path": "/docs/rootTryToEscapeSlug",
      },
      Object {
        "component": "@theme/DocItem",
        "exact": true,
        "modules": Object {
          "content": "@site/docs/slugs/resolvedSlug.md",
        },
        "path": "/docs/slugs/hey/resolvedSlug",
      },
      Object {
        "component": "@theme/DocItem",
        "exact": true,
        "modules": Object {
          "content": "@site/docs/slugs/relativeSlug.md",
        },
        "path": "/docs/slugs/relativeSlug",
      },
      Object {
        "component": "@theme/DocItem",
        "exact": true,
        "modules": Object {
          "content": "@site/docs/slugs/tryToEscapeSlug.md",
        },
        "path": "/docs/tryToEscapeSlug",
      },
    ],
  },
]
`;

exports[`site with wrong sidebar file 1`] = `
"Bad sidebars file. The document id 'goku' was used in the sidebar, but no document with this id could be found.
Available document ids=
- foo/bar
- foo/baz
- hello
- ipsum
- lorem
- rootAbsoluteSlug
- rootRelativeSlug
- rootResolvedSlug
- rootTryToEscapeSlug
- slugs/absoluteSlug
- slugs/relativeSlug
- slugs/resolvedSlug
- slugs/tryToEscapeSlug"
`;
